// Jest Snapshot v1, https://goo.gl/fbAQLP

exports[`renders correctly 1`] = `
<div
  className="sc-Axmtr htsbRQ"
>
  <div
    className="sc-AxjAm dqQXLp"
  >
    <h4
      className="sc-AxhCb iIoMBe"
    >
      25
    </h4>
    <div
      className="sc-AxgMl duusKk"
    >
      stats.total
    </div>
  </div>
  <div
    className="sc-AxjAm dqQXLp"
  >
    <h4
      className="sc-AxhCb iIoMBe"
    >
      5
    </h4>
    <div
      className="sc-AxgMl duusKk"
    >
      stats.appointment
    </div>
  </div>
  <div
    className="sc-AxjAm dqQXLp"
  >
    <h4
      className="sc-AxhCb iIoMBe"
    >
      5
    </h4>
    <div
      className="sc-AxgMl duusKk"
    >
      stats.viewed
    </div>
  </div>
  <div
    className="sc-AxjAm dqQXLp"
  >
    <h4
      className="sc-AxhCb iIoMBe"
    >
      10
    </h4>
    <div
      className="sc-AxgMl duusKk"
    >
      stats.others
    </div>
  </div>
</div>
`;
