// Jest Snapshot v1, https://goo.gl/fbAQLP

exports[`renders correctly 1`] = `
<div
  className="sc-AxgMl izxvdV"
  color="gray"
>
  test
</div>
`;
